[0.001s][warning][os] NUMA support disabled: Failed to initialize libnuma
Ktor HttpArena server starting on :8080 (HTTP/1.1), :8081 (JSON + TLS), :8082 (H2C), :8443 (HTTPS/HTTP2/HTTP3)
WARNING: A restricted method in java.lang.System has been called
WARNING: java.lang.System::loadLibrary has been called by io.netty.util.internal.NativeLibraryUtil in an unnamed module (file:/app/ktor-httparena.jar)
WARNING: Use --enable-native-access=ALL-UNNAMED to avoid a warning for callers in this module
WARNING: Restricted methods will be blocked in a future release unless native access is enabled

12:42:14.603 WARN  i.n.channel.DefaultChannelPipeline - An exceptionCaught() event was fired, and it reached at the tail of the pipeline. It usually means the last handler in the pipeline did not handle the exception.
io.netty.channel.unix.Errors$NativeIoException: recvAddress(..) failed with error(-104): Connection reset by peer
12:42:14.620 WARN  i.n.channel.DefaultChannelPipeline - An exceptionCaught() event was fired, and it reached at the tail of the pipeline. It usually means the last handler in the pipeline did not handle the exception.
io.netty.channel.unix.Errors$NativeIoException: recvAddress(..) failed with error(-104): Connection reset by peer
12:42:14.643 WARN  i.n.channel.DefaultChannelPipeline - An exceptionCaught() event was fired, and it reached at the tail of the pipeline. It usually means the last handler in the pipeline did not handle the exception.
io.netty.channel.unix.Errors$NativeIoException: recvAddress(..) failed with error(-104): Connection reset by peer
12:42:14.644 WARN  i.n.channel.DefaultChannelPipeline - An exceptionCaught() event was fired, and it reached at the tail of the pipeline. It usually means the last handler in the pipeline did not handle the exception.
io.netty.channel.unix.Errors$NativeIoException: recvAddress(..) failed with error(-104): Connection reset by peer
12:42:14.649 WARN  i.n.channel.DefaultChannelPipeline - An exceptionCaught() event was fired, and it reached at the tail of the pipeline. It usually means the last handler in the pipeline did not handle the exception.
io.netty.channel.unix.Errors$NativeIoException: recvAddress(..) failed with error(-104): Connection reset by peer
12:42:14.650 WARN  i.n.channel.DefaultChannelPipeline - An exceptionCaught() event was fired, and it reached at the tail of the pipeline. It usually means the last handler in the pipeline did not handle the exception.
io.netty.channel.unix.Errors$NativeIoException: recvAddress(..) failed with error(-104): Connection reset by peer
12:42:14.655 WARN  i.n.channel.DefaultChannelPipeline - An exceptionCaught() event was fired, and it reached at the tail of the pipeline. It usually means the last handler in the pipeline did not handle the exception.
io.netty.channel.unix.Errors$NativeIoException: recvAddress(..) failed with error(-104): Connection reset by peer
12:42:14.660 WARN  i.n.channel.DefaultChannelPipeline - An exceptionCaught() event was fired, and it reached at the tail of the pipeline. It usually means the last handler in the pipeline did not handle the exception.
io.netty.channel.unix.Errors$NativeIoException: recvAddress(..) failed with error(-104): Connection reset by peer
12:42:14.665 WARN  i.n.channel.DefaultChannelPipeline - An exceptionCaught() event was fired, and it reached at the tail of the pipeline. It usually means the last handler in the pipeline did not handle the exception.
io.netty.channel.unix.Errors$NativeIoException: recvAddress(..) failed with error(-104): Connection reset by peer
12:42:14.668 WARN  i.n.channel.DefaultChannelPipeline - An exceptionCaught() event was fired, and it reached at the tail of the pipeline. It usually means the last handler in the pipeline did not handle the exception.
io.netty.channel.unix.Errors$NativeIoException: recvAddress(..) failed with error(-104): Connection reset by peer
12:42:14.680 WARN  i.n.channel.DefaultChannelPipeline - An exceptionCaught() event was fired, and it reached at the tail of the pipeline. It usually means the last handler in the pipeline did not handle the exception.
io.netty.channel.unix.Errors$NativeIoException: recvAddress(..) failed with error(-104): Connection reset by peer
12:42:21.949 WARN  i.n.channel.DefaultChannelPipeline - An exceptionCaught() event was fired, and it reached at the tail of the pipeline. It usually means the last handler in the pipeline did not handle the exception.
io.netty.channel.unix.Errors$NativeIoException: recvAddress(..) failed with error(-104): Connection reset by peer
12:42:21.953 WARN  i.n.channel.DefaultChannelPipeline - An exceptionCaught() event was fired, and it reached at the tail of the pipeline. It usually means the last handler in the pipeline did not handle the exception.
io.netty.channel.unix.Errors$NativeIoException: recvAddress(..) failed with error(-104): Connection reset by peer
12:42:21.961 WARN  i.n.channel.DefaultChannelPipeline - An exceptionCaught() event was fired, and it reached at the tail of the pipeline. It usually means the last handler in the pipeline did not handle the exception.
io.netty.channel.unix.Errors$NativeIoException: recvAddress(..) failed with error(-104): Connection reset by peer
12:42:21.985 WARN  i.n.channel.DefaultChannelPipeline - An exceptionCaught() event was fired, and it reached at the tail of the pipeline. It usually means the last handler in the pipeline did not handle the exception.
io.netty.channel.unix.Errors$NativeIoException: recvAddress(..) failed with error(-104): Connection reset by peer
12:42:29.259 WARN  i.n.channel.DefaultChannelPipeline - An exceptionCaught() event was fired, and it reached at the tail of the pipeline. It usually means the last handler in the pipeline did not handle the exception.
io.netty.channel.unix.Errors$NativeIoException: recvAddress(..) failed with error(-104): Connection reset by peer
12:42:29.293 WARN  i.n.channel.DefaultChannelPipeline - An exceptionCaught() event was fired, and it reached at the tail of the pipeline. It usually means the last handler in the pipeline did not handle the exception.
io.netty.channel.unix.Errors$NativeIoException: recvAddress(..) failed with error(-104): Connection reset by peer
12:42:29.307 WARN  i.n.channel.DefaultChannelPipeline - An exceptionCaught() event was fired, and it reached at the tail of the pipeline. It usually means the last handler in the pipeline did not handle the exception.
io.netty.channel.unix.Errors$NativeIoException: recvAddress(..) failed with error(-104): Connection reset by peer
12:42:29.322 WARN  i.n.channel.DefaultChannelPipeline - An exceptionCaught() event was fired, and it reached at the tail of the pipeline. It usually means the last handler in the pipeline did not handle the exception.
io.netty.channel.unix.Errors$NativeIoException: recvAddress(..) failed with error(-104): Connection reset by peer
12:42:29.328 WARN  i.n.channel.DefaultChannelPipeline - An exceptionCaught() event was fired, and it reached at the tail of the pipeline. It usually means the last handler in the pipeline did not handle the exception.
io.netty.channel.unix.Errors$NativeIoException: recvAddress(..) failed with error(-104): Connection reset by peer
