Oct 03, 2026 11:30:36 AM io.helidon.logging.jul.JulProvider doConfigureLogging
INFO: Logging at runtime configured using defaults
Oct 03, 2026 11:30:37 AM io.helidon.common.features.HelidonFeatures features
INFO: Helidon SE 27.0.0 features: [Config, Encoding, JSON, Media, Registry, Tracing, WebServer]
Oct 03, 2026 11:30:37 AM io.helidon.common.features.HelidonFeatures features
INFO: You are using preview features. These APIs are production ready, yet may change more frequently. Please follow Helidon release changelog!
Oct 03, 2026 11:30:37 AM io.helidon.common.features.HelidonFeatures lambda$features$6
INFO: 	Preview feature: GRPC (WebServer/GRPC)
Oct 03, 2026 11:30:37 AM io.helidon.webserver.SocketTransportBinding logStarted
INFO: [0x05d1e5d5] http://0.0.0.0:8080 bound for socket '@default'
Oct 03, 2026 11:30:37 AM io.helidon.webserver.SocketTransportBinding logStarted
INFO: [0x71cf5fe3] http://0.0.0.0:8082 bound for socket 'h2c'
Oct 03, 2026 11:30:37 AM io.helidon.webserver.SocketTransportBinding logStarted
INFO: [0x4f7ca325] https://0.0.0.0:8443 bound for socket 'h2-tls'
Oct 03, 2026 11:30:37 AM io.helidon.webserver.SocketTransportBinding logStarted
INFO: [0x08bfb8de] https://0.0.0.0:8081 bound for socket 'h1-tls'
Oct 03, 2026 11:30:37 AM io.helidon.webserver.LoomServer startIt
INFO: Started all channels in 38 milliseconds. 1108 milliseconds since JVM startup. Java 27+35-2325
Helidon HttpArena server started on ports: 
plain (8080)
https (8443)
h1tls (8081)
h2c (8082)
