Oct 07, 2026 6:04:28 PM robaho.net.httpserver.ServerImpl <init>
INFO: [http:8080] server bound to /0.0.0.0:8080 with backlog 8192
Oct 07, 2026 6:04:28 PM robaho.net.httpserver.ServerImpl start
INFO: [http:8080] using java.util.concurrent.ThreadPerTaskExecutor@c017175 as executor
Server running on port 8080
Oct 07, 2026 6:04:28 PM robaho.net.httpserver.ServerImpl <init>
INFO: [https:8081] server bound to /0.0.0.0:8081 with backlog 8192
Oct 07, 2026 6:04:28 PM robaho.net.httpserver.ServerImpl start
INFO: [https:8081] using java.util.concurrent.ThreadPerTaskExecutor@60dd0587 as executor
Server running on port 8081 (TLS)
Oct 07, 2026 6:04:29 PM robaho.net.httpserver.ServerImpl$Dispatcher lambda$run$0
WARNING: [https:8081] unable to accept connection
java.net.SocketException: Socket is closed
	at java.base/sun.security.ssl.SSLSocketImpl.getInputStream(Unknown Source)
	at robaho.net.httpserver.HttpConnection.<init>(HttpConnection.java:73)
	at robaho.net.httpserver.ServerImpl$Dispatcher.acceptConnection(ServerImpl.java:417)
	at robaho.net.httpserver.ServerImpl$Dispatcher.lambda$run$0(ServerImpl.java:349)
	at java.base/java.util.concurrent.ThreadPerTaskExecutor$TaskRunner.run(Unknown Source)
	at java.base/java.lang.VirtualThread.run(Unknown Source)

Oct 07, 2026 6:04:37 PM robaho.net.httpserver.ServerImpl$Dispatcher lambda$run$0
WARNING: [https:8081] unable to accept connection
java.net.SocketException: Socket is closed
	at java.base/sun.security.ssl.SSLSocketImpl.getInputStream(Unknown Source)
	at robaho.net.httpserver.HttpConnection.<init>(HttpConnection.java:73)
	at robaho.net.httpserver.ServerImpl$Dispatcher.acceptConnection(ServerImpl.java:417)
	at robaho.net.httpserver.ServerImpl$Dispatcher.lambda$run$0(ServerImpl.java:349)
	at java.base/java.util.concurrent.ThreadPerTaskExecutor$TaskRunner.run(Unknown Source)
	at java.base/java.lang.VirtualThread.run(Unknown Source)

Oct 07, 2026 6:04:44 PM robaho.net.httpserver.ServerImpl$Dispatcher lambda$run$0
WARNING: [https:8081] unable to accept connection
java.net.SocketException: Socket is closed
	at java.base/sun.security.ssl.SSLSocketImpl.getInputStream(Unknown Source)
	at robaho.net.httpserver.HttpConnection.<init>(HttpConnection.java:73)
	at robaho.net.httpserver.ServerImpl$Dispatcher.acceptConnection(ServerImpl.java:417)
	at robaho.net.httpserver.ServerImpl$Dispatcher.lambda$run$0(ServerImpl.java:349)
	at java.base/java.util.concurrent.ThreadPerTaskExecutor$TaskRunner.run(Unknown Source)
	at java.base/java.lang.VirtualThread.run(Unknown Source)

