Oct 03, 2026 11:47:42 AM io.helidon.logging.jul.JulProvider doConfigureLogging
INFO: Logging at runtime configured using defaults
Oct 03, 2026 11:47:43 AM io.helidon.common.features.HelidonFeatures features
INFO: Helidon SE 27.0.0 features: [Config, Encoding, JSON, Media, Registry, Tracing, WebServer]
Oct 03, 2026 11:47:43 AM io.helidon.common.features.HelidonFeatures features
INFO: You are using preview features. These APIs are production ready, yet may change more frequently. Please follow Helidon release changelog!
Oct 03, 2026 11:47:43 AM io.helidon.common.features.HelidonFeatures lambda$features$6
INFO: 	Preview feature: GRPC (WebServer/GRPC)
Oct 03, 2026 11:47:43 AM io.helidon.webserver.SocketTransportBinding logStarted
INFO: [0x0c517b04] http://0.0.0.0:8082 bound for socket 'h2c'
Oct 03, 2026 11:47:43 AM io.helidon.webserver.SocketTransportBinding logStarted
INFO: [0x15de9a05] http://0.0.0.0:8080 bound for socket '@default'
Oct 03, 2026 11:47:43 AM io.helidon.webserver.SocketTransportBinding logStarted
INFO: [0x3ab31f36] https://0.0.0.0:8443 bound for socket 'h2-tls'
Oct 03, 2026 11:47:43 AM io.helidon.webserver.SocketTransportBinding logStarted
INFO: [0x6445d0c3] https://0.0.0.0:8081 bound for socket 'h1-tls'
Oct 03, 2026 11:47:43 AM io.helidon.webserver.LoomServer startIt
INFO: Started all channels in 57 milliseconds. 1301 milliseconds since JVM startup. Java 27+35-2325
Helidon HttpArena server started on ports: 
plain (8080)
https (8443)
h1tls (8081)
h2c (8082)
