Oct 03, 2026 11:31:55 AM io.helidon.logging.jul.JulProvider doConfigureLogging
INFO: Logging at runtime configured using defaults
Oct 03, 2026 11:31:56 AM com.zaxxer.hikari.HikariDataSource <init>
INFO: HikariPool-1 - Starting...
Oct 03, 2026 11:31:56 AM com.zaxxer.hikari.pool.HikariPool checkFailFast
INFO: HikariPool-1 - Added connection org.postgresql.jdbc.PgConnection@15bcf458
Oct 03, 2026 11:31:56 AM com.zaxxer.hikari.HikariDataSource <init>
INFO: HikariPool-1 - Start completed.
Oct 03, 2026 11:31:56 AM io.helidon.common.features.HelidonFeatures features
INFO: Helidon SE 27.0.0 features: [Config, Encoding, JSON, Media, Registry, Tracing, WebServer]
Oct 03, 2026 11:31:56 AM io.helidon.common.features.HelidonFeatures features
INFO: You are using preview features. These APIs are production ready, yet may change more frequently. Please follow Helidon release changelog!
Oct 03, 2026 11:31:56 AM io.helidon.common.features.HelidonFeatures lambda$features$6
INFO: 	Preview feature: GRPC (WebServer/GRPC)
Oct 03, 2026 11:31:56 AM io.helidon.webserver.SocketTransportBinding logStarted
INFO: [0x305b01f5] http://0.0.0.0:8082 bound for socket 'h2c'
Oct 03, 2026 11:31:56 AM io.helidon.webserver.SocketTransportBinding logStarted
INFO: [0x6217036d] http://0.0.0.0:8080 bound for socket '@default'
Oct 03, 2026 11:31:56 AM io.helidon.webserver.SocketTransportBinding logStarted
INFO: [0x70a8a39c] https://0.0.0.0:8081 bound for socket 'h1-tls'
Oct 03, 2026 11:31:56 AM io.helidon.webserver.SocketTransportBinding logStarted
INFO: [0x20f061ff] https://0.0.0.0:8443 bound for socket 'h2-tls'
Oct 03, 2026 11:31:56 AM io.helidon.webserver.LoomServer startIt
INFO: Started all channels in 34 milliseconds. 1222 milliseconds since JVM startup. Java 27+35-2325
Helidon HttpArena server started on ports: 
plain (8080)
https (8443)
h1tls (8081)
h2c (8082)
